// Jest Snapshot v1, https://goo.gl/fbAQLP

exports[`should render ExpenseSummary correctly 1`] = `
<div>
  <h1>
    Viewing 
    3
     
    expenses
     totaling 
    1246,95€
  </h1>
</div>
`;

exports[`should render ExpenseSummary correctly with 2 expenses 1`] = `
<div>
  <h1>
    Viewing 
    3
     
    expenses
     totaling 
    1246,95€
  </h1>
</div>
`;
